################# RTL Test case Summary #####################
Monitor: user_random_tb (RTL) Passed
Monitor: user_uart_tb (RTL) Passed
Monitor: user_uart1_tb (RTL) Passed
Monitor: user_risc_boot_tb (RTL) Passed
Monitor: user_qspi_tb (RTL) Passed
Monitor: user_sspi_tb (RTL) Passed
Monitor: user_i2cm_tb (RTL) Passed
Monitor: user_usb_tb (RTL) Passed
Monitor: user_gpio_tb (RTL) Passed
Monitor: user_basic_tb (RTL) Passed
Monitor: user_spi_isp_tb (RTL) Passed
Monitor: user_timer_tb (RTL) Passed
Monitor: user_uart_master_tb (RTL) Passed
Monitor: user_sram_exec_tb (RTL) Passed
Monitor: user_cache_bypass_tb (RTL) Passed
Monitor: user_pwm_tb (RTL) Passed
Monitor: user_sema_tb (RTL) Passed
Monitor: risc_boot_tb (RTL) Passed
Monitor: uart_master_test1_tb (RTL) Passed
Monitor: uart_master_test2 (RTL) Passed
Monitor: wb_port_tb (RTL) Passed
Monitor: arduino_arrays_tb (RTL) Passed
Monitor: arduino_digital_port_control_tb (RTL) Passed
Monitor: arduino_i2c_scaner_tb (RTL) Passed
Monitor: arduino_risc_boot_tb (RTL) Passed
Monitor: arduino_timer_intr_tb (RTL) Passed
Monitor: arduino_ascii_table_tb (RTL) Failed
Monitor: arduino_gpio_intr_tb (RTL) Passed
Monitor: arduino_i2c_wr_rd_tb (RTL) Passed
Monitor: arduino_string_tb (RTL) Passed
Monitor: arduino_ws281x_tb (RTL) Passed
Monitor: arduino_character_analysis_tb (RTL) Passed
Monitor: arduino_hello_world_tb (RTL) Passed
Monitor: arduino_multi_serial_tb (RTL) Passed
Monitor: arduino_switchCase2_tb (RTL) Passed
Monitor: user_aes_core_tb (RTL) Passed
Monitor: user_fpu_core_tb (RTL) Passed
Monitor: user_aes_tb (RTL) Passed
Monitor: user_ir_tx_tb (RTL) Passed
Monitor: user_ir_rx_tb (RTL) Passed
Monitor: step_motor_controller_tb (RTL) Passed
Monitor: user_qspis_tb (RTL) Passed
Monitor: user_mcore_test1_tb (RTL) Passed
Monitor: user_mcore_test2_tb (RTL) Passed
################# GL Test case Summary #####################
Monitor: user_random_tb (GL) Passed
Monitor: user_uart_tb (GL) Passed
Monitor: user_uart1_tb (GL) Passed
Monitor: user_risc_boot_tb (GL) Passed
Monitor: user_sspi_tb (GL) Passed
Monitor: user_i2cm_tb (GL) Passed
Monitor: user_usb_tb (GL) Passed
Monitor: user_basic_tb (GL) Failed
Monitor: user_spi_isp_tb (GL) Passed
Monitor: user_uart_master_tb (GL) Passed
Monitor: user_sram_exec_tb (GL) Passed
Monitor: user_pwm_tb (GL) Failed
Monitor: user_sema_tb (GL) Passed
Monitor: arduino_arrays_tb (GL) Passed
Monitor: arduino_digital_port_control_tb (GL) Passed
Monitor: arduino_i2c_scaner_tb (GL) Passed
Monitor: arduino_risc_boot_tb (GL) Passed
Monitor: arduino_timer_intr_tb (GL) Passed
Monitor: arduino_ascii_table_tb (GL) Failed
Monitor: arduino_i2c_wr_rd_tb (GL) Passed
Monitor: arduino_string_tb (GL) Failed
Monitor: arduino_ws281x_tb (GL) Passed
Monitor: arduino_character_analysis_tb (GL) Passed
Monitor: arduino_hello_world_tb (GL) Passed
Monitor: arduino_multi_serial_tb (GL) Passed
Monitor: arduino_switchCase2_tb (GL) Passed
Monitor: user_aes_core_tb (GL) Passed
Monitor: user_fpu_core_tb (GL) Passed
Monitor: user_aes_tb (GL) Passed
Monitor: user_ir_tx_tb (GL) Passed
Monitor: user_ir_rx_tb (GL) Passed
Monitor: user_qspis_tb (GL) Passed
Monitor: user_mcore_test1_tb (GL) Passed
Monitor: user_mcore_test2_tb (GL) Passed
################# End of Test case Summary #####################
