   -----------------------------------------------------------------------------
     Testcase                          |    Status  |   SimTime   | Warns | Config |
   -----------------------------------------------------------------------------
   user_random                         |    PASS    |     -1      |     0 |
   user_uart                           |    PASS    |     -1      |     0 |
   user_uart1                          |    PASS    |     -1      |     0 |
   user_risc_boot                      |    PASS    |     -1      |     0 |
   user_qspi                           |    PASS    |     -1      |     0 |
   user_sspi                           |    PASS    |     -1      |     0 |
   user_i2cm                           |    PASS    |     -1      |     0 |
   user_usb                            |    PASS    |     -1      |     0 |
   user_gpio                           |    PASS    |     -1      |     0 |
   user_basic                          |    PASS    |     -1      |     0 |
   user_spi_isp                        |    PASS    |     -1      |     0 |
   user_timer                          |    PASS    |     -1      |     0 |
   user_uart_master                    |    PASS    |     -1      |     0 |
   user_sram_exec                      |    PASS    |     -1      |     0 |
   user_cache_bypass                   |    PASS    |     -1      |     0 |
   user_pwm                            |    PASS    |     -1      |     0 |
   user_sema                           |    PASS    |     -1      |     0 |
   risc_boot                           |    PASS    |     -1      |     0 |
   uart_master_test1                   |    PASS    |     -1      |     0 |
   uart_master_test2                   |    PASS    |     -1      |     0 |
   wb_port                             |    PASS    |     -1      |     0 |
   arduino_arrays                      |    PASS    |     -1      |     0 |
   arduino_risc_boot                   |    PASS    |     -1      |     0 |
   arduino_timer_intr                  |    PASS    |     -1      |     0 |
   arduino_ascii_table                 |    PASS    |     -1      |     0 |
   arduino_gpio_intr                   |    PASS    |     -1      |     0 |
   arduino_i2c_wr_rd                   |    PASS    |     -1      |     0 |
   arduino_string                      |    PASS    |     -1      |     0 |
   arduino_ws281x                      |    PASS    |     -1      |     0 |
   arduino_character_analysis          |    PASS    |     -1      |     0 |
   arduino_hello_world                 |    PASS    |     -1      |     0 |
   arduino_multi_serial                |    PASS    |     -1      |     0 |
   arduino_switchCase2                 |    PASS    |     -1      |     0 |
   user_aes_core                       |    PASS    |     -1      |     0 |
   user_fpu_core                       |    PASS    |     -1      |     0 |
   user_aes                            |    PASS    |     -1      |     0 |
   user_rtc                            |    PASS    |     -1      |     0 |
   user_ir_tx                          |    PASS    |     -1      |     0 |
   user_ir_rx                          |    PASS    |     -1      |     0 |
   step_motor_controller               |    PASS    |     -1      |     0 |
   caravel_hkspi                       |    PASS    |     -1      |     0 |
   user_qspis                          |    PASS    |     -1      |     0 |
   user_cpu_clkgate                    |    PASS    |     -1      |     0 |
   arduino_digital_port_control        |    PASS    |     -1      |     0 |
   arduino_i2c_scaner                  |    PASS    |     -1      |     0 |
   user_mcore_test1                    |    PASS    |     -1      |     0 |
   user_mcore_test2                    |    PASS    |     -1      |     0 |
   arduino_line_follower               |    PASS    |     -1      |     0 |
   --------------------------------------------------------------------
             total testcases :    48
             total pass      :    48 (100.00%)
             total fail      :     0 (  0.00%)
             total unk       :     0 (  0.00%)
             run directory   :              ./
   --------------------------------------------------------------------

